// Jest Snapshot v1, https://goo.gl/fbAQLP

exports[`x-t9 Highlighter x-t9 Highlighter 1`] = `
"<!-- wp:paragraph -->
<p><span data-color=\\"rgba(0,0,0,0.5)\\" style=\\"background: linear-gradient(transparent 60%,rgba(0,0,0,0.5) 0);\\" class=\\"vk_highlighter\\">1</span></p>
<!-- /wp:paragraph -->"
`;
